[main 12ee341] Регресс баг-кейсов на 6.41.12-2562 (16.09.2026): кейс 28 исправлен и проверен по алгоритму АГ, кейс 5 не исправлен (eventLog игнорирует настройки колонок), кейс 2 — чистая установка, кейс 3 — частичная проверка; обновлены md, отчёты, PDF; убраны ссылки на внутренние файлы, ссылки на тикеты кликабельны, шапка приведена к актуальной версии
 311 files changed, 7803 insertions(+), 753 deletions(-)
 create mode 100644 fix_license_date.ps1
 create mode 100644 install_100tags.ps1
 create mode 100644 install_100tags_log.txt
 create mode 100644 install_log.txt
 create mode 100644 install_new_version.ps1
 create mode 100644 license_fix_log.txt
 create mode 100644 tests/case13_10_check.py
 create mode 100644 tests/case13_10_tree.py
 create mode 100644 tests/case14_11_404.py
 create mode 100644 tests/case21_check_64112.py
 create mode 100644 tests/case21_ctx.py
 create mode 100644 tests/case21_edit_click.py
 create mode 100644 tests/case21_tree_path.py
 create mode 100644 tests/case26_check_64112.py
 create mode 100644 tests/case28_64112_app_transfer.py
 create mode 100644 tests/case28_64112_final.py
 create mode 100644 tests/case28_64112_final2.py
 create mode 100644 tests/case28_64112_final3.py
 create mode 100644 tests/case28_64112_step2.py
 create mode 100644 tests/case28_64112_step2_readd.py
 create mode 100644 tests/case28_64112_step3.py
 create mode 100644 tests/case28_64112_step3_package.py
 create mode 100644 tests/case28_64112_step4_export.py
 create mode 100644 tests/case28_64112_step5_update.py
 create mode 100644 tests/case28_64112_step5b_update.py
 create mode 100644 tests/case28_64112_step5c_update.py
 create mode 100644 tests/case28_check_resources.py
 create mode 100644 tests/case28_probe_archive.py
 create mode 100644 tests/case28_probe_import.py
 create mode 100644 tests/case28_probe_kebab.py
 create mode 100644 tests/case28_probe_kebab2.py
 create mode 100644 tests/case28_probe_menu3.py
 create mode 100644 tests/case28_probe_menu4.py
 create mode 100644 tests/case28_probe_optype.py
 create mode 100644 tests/case28_probe_pack.py
 create mode 100644 tests/case28_probe_row.py
 create mode 100644 tests/case28_probe_svg.py
 create mode 100644 tests/case28_probe_tree.py
 create mode 100644 tests/case2_license_100t.py
 create mode 100644 tests/case2_license_100t2.py
 create mode 100644 tests/case2_license_100t3.py
 create mode 100644 tests/case2_license_check.py
 create mode 100644 tests/case5_eventlog_columns.py
 create mode 100644 tests/downloads/case28_test_app.zip
 create mode 100644 tests/downloads/case28_test_app_packaged.zip
 create mode 100644 tests/jira_read.py
 create mode 100644 tests/jira_read_selenium.py
 create mode 100644 tests/jira_walk.py
 create mode 100644 tests/open_interface.py
 create mode 100644 tests/rail_click.py
 create mode 100644 tests/rail_probe.py
 create mode 100644 tests/screenshots/case10_search.png
 create mode 100644 tests/screenshots/case13_005_tree.png
 create mode 100644 tests/screenshots/case13_00_main.png
 create mode 100644 tests/screenshots/case13_opened.png
 create mode 100644 tests/screenshots/case13_tooltip.png
 create mode 100644 tests/screenshots/case13_tree.png
 create mode 100644 tests/screenshots/case14_00_after_login.png
 create mode 100644 tests/screenshots/case14_11_404.png
 create mode 100644 tests/screenshots/case16_after_login.png
 create mode 100644 "tests/screenshots/case16_tab_\320\237\321\200\320\276\320\270\320\267\320\262\320\276\320\264\320\270\321\202\320\265\320\273\321\214\320\275\320\276\321\201\321\202\321\214.png"
 create mode 100644 tests/screenshots/case17_admin_editor.png
 create mode 100644 tests/screenshots/case17_admin_open.png
 create mode 100644 tests/screenshots/case17_menu_account.png
 create mode 100644 tests/screenshots/case17_menu_gear.png
 create mode 100644 tests/screenshots/case17_menu_rail_sub.png
 create mode 100644 tests/screenshots/case17_rail_sub_click.png
 create mode 100644 tests/screenshots/case17_resources.png
 create mode 100644 tests/screenshots/case17_search_users.png
 create mode 100644 tests/screenshots/case17_tree.png
 create mode 100644 tests/screenshots/case17_tree_open.png
 create mode 100644 tests/screenshots/case17_tree_search.png
 create mode 100644 tests/screenshots/case17_users_64111.png
 create mode 100644 tests/screenshots/case17_users_click1.png
 create mode 100644 tests/screenshots/case17_users_click2.png
 create mode 100644 tests/screenshots/case17_users_dblclick.png
 create mode 100644 tests/screenshots/case17_users_expanded.png
 create mode 100644 tests/screenshots/case17_users_open.png
 create mode 100644 tests/screenshots/case17_users_search_click.png
 create mode 100644 tests/screenshots/case17_users_text.txt
 create mode 100644 tests/screenshots/case21_64112_edit_iofield.png
 create mode 100644 tests/screenshots/case21_64112_ioField_edit.png
 create mode 100644 tests/screenshots/case21_64112_iofield_view.png
 create mode 100644 tests/screenshots/case21_64112_milkStorage_edit.png
 create mode 100644 tests/screenshots/case21_64112_milkstorage_view.png
 create mode 100644 tests/screenshots/case21_64112_tree_search.png
 create mode 100644 tests/screenshots/case21_ctx_menu.png
 create mode 100644 tests/screenshots/case26_opened.png
 create mode 100644 tests/screenshots/case26_search.png
 create mode 100644 tests/screenshots/case28_64112_00_main.png
 create mode 100644 tests/screenshots/case28_64112_01_create_dialog.png
 create mode 100644 tests/screenshots/case28_64112_02_create_filled.png
 create mode 100644 tests/screenshots/case28_64112_03_after_create.png
 create mode 100644 tests/screenshots/case28_64112_04_main_with_test.png
 create mode 100644 tests/screenshots/case28_64112_05_app_dash.png
 create mode 100644 tests/screenshots/case28_64112_07_app_selector.png
 create mode 100644 tests/screenshots/case28_64112_09_cc.png
 create mode 100644 tests/screenshots/case28_64112_10_test_menu.png
 create mode 100644 tests/screenshots/case28_64112_10_test_open.png
 create mode 100644 tests/screenshots/case28_64112_11_add_resource.png
 create mode 100644 tests/screenshots/case28_64112_12_dash_expanded.png
 create mode 100644 tests/screenshots/case28_64112_13_checked.png
 create mode 100644 tests/screenshots/case28_64112_13b_add_result.png
 create mode 100644 tests/screenshots/case28_64112_14_after_add.png
 create mode 100644 tests/screenshots/case28_64112_15_app_before.png
 create mode 100644 tests/screenshots/case28_64112_16_open_clicked.png
 create mode 100644 tests/screenshots/case28_64112_17_back_to_app.png
 create mode 100644 tests/screenshots/case28_64112_18_menu.png
 create mode 100644 tests/screenshots/case28_64112_19_app_dash.png
 create mode 100644 tests/screenshots/case28_64112_20_resources_tab.png
 create mode 100644 tests/screenshots/case28_64112_21_before_export.png
 create mode 100644 tests/screenshots/case28_64112_22_tooltips.png
 create mode 100644 tests/screenshots/case28_64112_23_after_export.png
 create mode 100644 tests/screenshots/case28_64112_23_export_dialog.png
 create mode 100644 tests/screenshots/case28_64112_30_before_delete.png
 create mode 100644 tests/screenshots/case28_64112_31_after_bin.png
 create mode 100644 tests/screenshots/case28_64112_32_after_save.png
 create mode 100644 tests/screenshots/case28_64112_33_after_import.png
 create mode 100644 tests/screenshots/case28_64112_34_after_update.png
 create mode 100644 tests/screenshots/case28_64112_35_resources_after_update.png
 create mode 100644 tests/screenshots/case28_64112_40_import_diag.png
 create mode 100644 tests/screenshots/case28_64112_41_actions_menu.png
 create mode 100644 tests/screenshots/case28_64112_42_update_dialog.png
 create mode 100644 tests/screenshots/case28_64112_42_update_result.png
 create mode 100644 tests/screenshots/case28_64112_44_resources_final.png
 create mode 100644 tests/screenshots/case28_64112_45_kebab2.png
 create mode 100644 tests/screenshots/case28_64112_46_actions.png
 create mode 100644 tests/screenshots/case28_64112_47_after_update_click.png
 create mode 100644 tests/screenshots/case28_64112_48_optype.png
 create mode 100644 tests/screenshots/case28_64112_50_update_dialog.png
 create mode 100644 tests/screenshots/case28_64112_51_zip_selected.png
 create mode 100644 tests/screenshots/case28_64112_52_file_picked.png
 create mode 100644 tests/screenshots/case28_64112_53_update_result.png
 create mode 100644 tests/screenshots/case28_64112_55_resources_final.png
 create mode 100644 tests/screenshots/case28_64112_56_file_set.png
 create mode 100644 tests/screenshots/case28_64112_56_no_fc.png
 create mode 100644 tests/screenshots/case28_64112_58_add_row.png
 create mode 100644 tests/screenshots/case28_64112_59_resource_picker.png
 create mode 100644 tests/screenshots/case28_64112_59_typed.png
 create mode 100644 tests/screenshots/case28_64112_60_saved.png
 create mode 100644 tests/screenshots/case28_64112_61_pack_err.png
 create mode 100644 tests/screenshots/case28_64112_62_pack_optype.png
 create mode 100644 tests/screenshots/case28_64112_70_pack_err.png
 create mode 100644 tests/screenshots/case28_64112_70_pack_zip.png
 create mode 100644 tests/screenshots/case28_64112_71_after_delete.png
 create mode 100644 tests/screenshots/case28_64112_77_resources_state.png
 create mode 100644 tests/screenshots/case28_64112_80_delete_confirm.png
 create mode 100644 tests/screenshots/case28_64112_82_add_result.png
 create mode 100644 tests/screenshots/case28_64112_83_resource_added.png
 create mode 100644 tests/screenshots/case28_64112_84_pack_zip.png
 create mode 100644 tests/screenshots/case28_64112_85_after_pack.png
 create mode 100644 tests/screenshots/case28_64112_90_after_cleanup.png
 create mode 100644 tests/screenshots/case28_64112_91_export_result.png
 create mode 100644 tests/screenshots/case28_64112_93_after_delete.png
 create mode 100644 tests/screenshots/case28_64112_94_file_set.png
 create mode 100644 tests/screenshots/case28_64112_95_update_result.png
 create mode 100644 tests/screenshots/case28_64112_96_resources_final.png
 create mode 100644 tests/screenshots/case28_64112_97_after_cleanup.png
 create mode 100644 tests/screenshots/case28_dbg_menu_attempt0.png
 create mode 100644 tests/screenshots/case28_dbg_menu_attempt1.png
 create mode 100644 tests/screenshots/case28_dbg_menu_attempt2.png
 create mode 100644 tests/screenshots/case28_dbg_menu_attempt3.png
 create mode 100644 tests/screenshots/case2_100t_license.png
 create mode 100644 tests/screenshots/case2_100t_license_server.png
 create mode 100644 tests/screenshots/case2_100t_menu2.png
 create mode 100644 tests/screenshots/case2_100t_usermenu.png
 create mode 100644 tests/screenshots/case2_64112_license.png
 create mode 100644 tests/screenshots/case2_64112_main.png
 create mode 100644 tests/screenshots/case5_step10_bigviewport.png
 create mode 100644 tests/screenshots/case5_step11_after_tab.png
 create mode 100644 tests/screenshots/case5_step12_x1094.png
 create mode 100644 tests/screenshots/case5_step12_x1106.png
 create mode 100644 tests/screenshots/case5_step12_x1127.png
 create mode 100644 tests/screenshots/case5_step13_widget.png
 create mode 100644 tests/screenshots/case5_step15_th_context.png
 create mode 100644 tests/screenshots/case5_step16_click_right1.png
 create mode 100644 tests/screenshots/case5_step17_win_context.png
 create mode 100644 tests/screenshots/case5_step18_body_context.png
 create mode 100644 tests/screenshots/case5_step1_dashboard.png
 create mode 100644 tests/screenshots/case5_step21_before.png
 create mode 100644 tests/screenshots/case5_step22_BUTTON1186.png
 create mode 100644 tests/screenshots/case5_step22_BUTTON1628.png
 create mode 100644 tests/screenshots/case5_step22_BUTTON1668.png
 create mode 100644 tests/screenshots/case5_step22_BUTTON376.png
 create mode 100644 tests/screenshots/case5_step22_BUTTON56.png
 create mode 100644 tests/screenshots/case5_step22_svg1418.png
 create mode 100644 tests/screenshots/case5_step22_svg1628.png
 create mode 100644 tests/screenshots/case5_step22_svg1668.png
 create mode 100644 tests/screenshots/case5_step22_svg77.png
 create mode 100644 tests/screenshots/case5_step23_x1127.png
 create mode 100644 tests/screenshots/case5_step23_x1156.png
 create mode 100644 tests/screenshots/case5_step24_gear.png
 create mode 100644 tests/screenshots/case5_step25_tree.png
 create mode 100644 tests/screenshots/case5_step26_editor.png
 create mode 100644 tests/screenshots/case5_step28_search_SCADA.png
 create mode 100644 tests/screenshots/case5_step28_search_scadaApp.png
 create mode 100644 tests/screenshots/case5_step29_ctx.png
 create mode 100644 tests/screenshots/case5_step2_tree_search.png
 create mode 100644 tests/screenshots/case5_step2b_tree_search_ru.png
 create mode 100644 tests/screenshots/case5_step32_app_dropdown.png
 create mode 100644 tests/screenshots/case5_step33_client_edit.png
 create mode 100644 tests/screenshots/case5_step35_edit_ioField.png
 create mode 100644 tests/screenshots/case5_step36_app_leaf_menu.png
 create mode 100644 tests/screenshots/case5_step39_after_edit.png
 create mode 100644 tests/screenshots/case5_step39_body.txt
 create mode 100644 tests/screenshots/case5_step40_body.txt
 create mode 100644 tests/screenshots/case5_step40_editor_tab_js.png
 create mode 100644 tests/screenshots/case5_step41_kebab.png
 create mode 100644 tests/screenshots/case5_step42_selected.png
 create mode 100644 tests/screenshots/case5_step43_widget_ctx.png
 create mode 100644 tests/screenshots/case5_step44_corner_hover.png
 create mode 100644 tests/screenshots/case5_step45_th_right.png
 create mode 100644 tests/screenshots/case5_step46_widget_dropdown.png
 create mode 100644 tests/screenshots/case5_step50_editor_eventlog.png
 create mode 100644 tests/screenshots/case5_step51_columns_popup.png
 create mode 100644 tests/screenshots/case5_step52_columns_unchecked.png
 create mode 100644 tests/screenshots/case5_step53_editor_after_ok.png
 create mode 100644 tests/screenshots/case5_step54_after_save.png
 create mode 100644 tests/screenshots/case5_step55_live_after_save.png
 create mode 100644 tests/screenshots/case5_step5_panel_hover.png
 create mode 100644 tests/screenshots/case5_step60_live_start.png
 create mode 100644 tests/screenshots/case5_step62_live_reload.png
 create mode 100644 tests/screenshots/case5_step6_panel_expanded.png
 create mode 100644 tests/screenshots/case5_step70_editor.png
 create mode 100644 tests/screenshots/case5_step71_editor_popup.png
 create mode 100644 tests/screenshots/case5_step72_live_before.png
 create mode 100644 tests/screenshots/case5_step73_live_after_event.png
 create mode 100644 tests/screenshots/case5_step74_live_reload.png
 create mode 100644 tests/screenshots/case5_step7_dblclick.png
 create mode 100644 tests/screenshots/case5_step9_x1028.png
 create mode 100644 tests/screenshots/case5_step9_x1050.png
 create mode 100644 tests/screenshots/case5_step9_x1053.png
 create mode 100644 tests/screenshots/case5_step9_x1508.png
 create mode 100644 tests/screenshots/case5_step9_x1624.png
 create mode 100644 tests/screenshots/case5_step9_x914.png
 create mode 100644 tests/screenshots/case5_step9_x933.png
 create mode 100644 tests/screenshots/case5_step9_x991.png
 create mode 100644 tests/screenshots/jira/ASD-6392.png
 create mode 100644 tests/screenshots/jira/ASD-6392.txt
 create mode 100644 tests/screenshots/jira/ASD-6406.png
 create mode 100644 tests/screenshots/jira/ASD-6406.txt
 create mode 100644 tests/screenshots/jira/ASD-6418.png
 create mode 100644 tests/screenshots/jira/ASD-6418.txt
 create mode 100644 tests/screenshots/jira/ASD-6455.png
 create mode 100644 tests/screenshots/jira/ASD-6455.txt
 create mode 100644 tests/screenshots/jira/ASD-6474.png
 create mode 100644 tests/screenshots/jira/ASD-6474.txt
 create mode 100644 tests/screenshots/jira/ASD-6475.png
 create mode 100644 tests/screenshots/jira/ASD-6475.txt
 create mode 100644 tests/screenshots/jira/ASD-6476.png
 create mode 100644 tests/screenshots/jira/ASD-6476.txt
 create mode 100644 tests/screenshots/jira/ASD-6477.png
 create mode 100644 tests/screenshots/jira/ASD-6477.txt
 create mode 100644 tests/screenshots/jira/ASD-6478.png
 create mode 100644 tests/screenshots/jira/ASD-6478.txt
 create mode 100644 tests/screenshots/jira/ASD-6479.png
 create mode 100644 tests/screenshots/jira/ASD-6479.txt
 create mode 100644 tests/screenshots/jira/ASD-6480.png
 create mode 100644 tests/screenshots/jira/ASD-6480.txt
 create mode 100644 tests/screenshots/jira/ASD-6481.png
 create mode 100644 tests/screenshots/jira/ASD-6481.txt
 create mode 100644 tests/screenshots/jira/ASD-6482.png
 create mode 100644 tests/screenshots/jira/ASD-6482.txt
 create mode 100644 tests/screenshots/jira/ASD-6483.png
 create mode 100644 tests/screenshots/jira/ASD-6483.txt
 create mode 100644 tests/screenshots/jira/ASD-6484.png
 create mode 100644 tests/screenshots/jira/ASD-6484.txt
 create mode 100644 tests/screenshots/jira/ASD-6485.png
 create mode 100644 tests/screenshots/jira/ASD-6485.txt
 create mode 100644 tests/screenshots/jira/ASD-6486.png
 create mode 100644 tests/screenshots/jira/ASD-6486.txt
 create mode 100644 tests/screenshots/jira/ASD-6487.png
 create mode 100644 tests/screenshots/jira/ASD-6487.txt
 create mode 100644 tests/screenshots/jira/ASD-6496.png
 create mode 100644 tests/screenshots/jira/ASD-6496.txt
 create mode 100644 tests/screenshots/jira/ASD-6497.png
 create mode 100644 tests/screenshots/jira/ASD-6497.txt
 create mode 100644 tests/screenshots/jira/ASD-6498.png
 create mode 100644 tests/screenshots/jira/ASD-6498.txt
 create mode 100644 tests/screenshots/jira/ASD-6499.png
 create mode 100644 tests/screenshots/jira/ASD-6499.txt
 create mode 100644 tests/screenshots/jira/ASD-6500.png
 create mode 100644 tests/screenshots/jira/ASD-6500.txt
 create mode 100644 tests/screenshots/jira/ASD-6501.png
 create mode 100644 tests/screenshots/jira/ASD-6501.txt
 create mode 100644 tests/screenshots/jira/ASD-6502.png
 create mode 100644 tests/screenshots/jira/ASD-6502.txt
 create mode 100644 tests/screenshots/jira/ASD-6503.png
 create mode 100644 tests/screenshots/jira/ASD-6503.txt
 create mode 100644 tests/screenshots/jira/ASD-6504.png
 create mode 100644 tests/screenshots/jira/ASD-6504.txt
 create mode 100644 tests/screenshots/jira/ASD-6505.png
 create mode 100644 tests/screenshots/jira/ASD-6505.txt
 create mode 100644 tests/screenshots/jira/ASD-6521.png
 create mode 100644 tests/screenshots/jira/ASD-6521.txt
 create mode 100644 tests/screenshots/jira/ASD-6522.png
 create mode 100644 tests/screenshots/jira/ASD-6522.txt
 create mode 100644 tests/screenshots/jira/ASD-6523.png
 create mode 100644 tests/screenshots/jira/ASD-6523.txt
 create mode 100644 tests/screenshots/jira/warmup.png
 create mode 100644 tests/screenshots/jira_asd6480.png
 create mode 100644 tests/screenshots/rail_0.png
 create mode 100644 tests/screenshots/rail_1.png
 create mode 100644 tests/screenshots/rail_probe.png
